
 RUN  v4.1.5 /Users/joseviccaro/Desktop/Movixy

 ✓ src/test/media.model.extended.test.ts (8 tests) 5ms
 ✓ src/test/jellyfin-media.repository.extended.test.ts (3 tests) 7ms
 ✓ src/test/Skeleton.test.tsx (3 tests) 41ms
 ✓ src/test/jellyfin-api.client.test.ts (11 tests) 309ms
 ✓ src/test/MovieRow.test.tsx (5 tests) 115ms
 ❯ src/test/MovieRow.virtual.test.tsx (2 tests | 2 failed) 49ms
     × should render react-window VirtualList for large lists 39ms
     × should render only visible items (not all 100) 7ms
 ✓ src/test/VideoPlayer.tracks.test.tsx (3 tests) 80ms
 ❯ src/test/MoviesPage.test.tsx (3 tests | 3 failed) 28ms
     × should render the page title 21ms
     × should render movies grid 2ms
     × should show loading state when isLoading is true 2ms
 ✓ src/test/ContinueWatching.test.tsx (3 tests) 204ms
 ✓ src/test/media.model.test.ts (5 tests) 3ms
 ✓ src/test/pwa-offline.test.ts (3 tests) 3ms

⎯⎯⎯⎯⎯⎯⎯ Failed Tests 5 ⎯⎯⎯⎯⎯⎯⎯

 FAIL  src/test/MovieRow.virtual.test.tsx > MovieRow Virtualization (T7) > should render react-window VirtualList for large lists
 FAIL  src/test/MovieRow.virtual.test.tsx > MovieRow Virtualization (T7) > should render only visible items (not all 100)
Error: useBackdrop must be used within a BackdropProvider
 ❯ useBackdrop src/presentation/components/ImmersiveBackdrop/BackdropContext.tsx:23:11
     21|   const context = useContext(BackdropContext);
     22|   if (!context) {
     23|     throw new Error('useBackdrop must be used within a BackdropProvide…
       |           ^
     24|   }
     25|   return context;
 ❯ MovieCard src/presentation/components/MovieRow/MovieCard.tsx:26:22
 ❯ Object.react_stack_bottom_frame node_modules/react-dom/cjs/react-dom-client.development.js:25904:20
 ❯ renderWithHooks node_modules/react-dom/cjs/react-dom-client.development.js:7662:22
 ❯ updateFunctionComponent node_modules/react-dom/cjs/react-dom-client.development.js:10166:19
 ❯ beginWork node_modules/react-dom/cjs/react-dom-client.development.js:11778:18
 ❯ runWithFiberInDEV node_modules/react-dom/cjs/react-dom-client.development.js:874:13
 ❯ performUnitOfWork node_modules/react-dom/cjs/react-dom-client.development.js:17641:22
 ❯ workLoopSync node_modules/react-dom/cjs/react-dom-client.development.js:17469:41
 ❯ renderRootSync node_modules/react-dom/cjs/react-dom-client.development.js:17450:11

⎯⎯⎯⎯⎯⎯⎯⎯⎯⎯⎯⎯⎯⎯⎯⎯⎯⎯⎯⎯⎯⎯⎯⎯[1/5]⎯

 FAIL  src/test/MoviesPage.test.tsx > MoviesPage (T3) > should render the page title
 FAIL  src/test/MoviesPage.test.tsx > MoviesPage (T3) > should render movies grid
 FAIL  src/test/MoviesPage.test.tsx > MoviesPage (T3) > should show loading state when isLoading is true
Error: No QueryClient set, use QueryClientProvider to set one
 ❯ useQueryClient node_modules/@tanstack/react-query/src/QueryClientProvider.tsx:18:10
 ❯ useFavoriteToggle src/application/hooks/useFavorites.ts:40:23
     38|  */
     39| export const useFavoriteToggle = (userId: string | null) => {
     40|   const queryClient = useQueryClient();
       |                       ^
     41|
     42|   return useMutation({
 ❯ MoviesPage src/presentation/pages/Movies/MoviesPage.tsx:23:38
 ❯ Object.react_stack_bottom_frame node_modules/react-dom/cjs/react-dom-client.development.js:25904:20
 ❯ renderWithHooks node_modules/react-dom/cjs/react-dom-client.development.js:7662:22
 ❯ updateFunctionComponent node_modules/react-dom/cjs/react-dom-client.development.js:10166:19
 ❯ beginWork node_modules/react-dom/cjs/react-dom-client.development.js:11778:18
 ❯ runWithFiberInDEV node_modules/react-dom/cjs/react-dom-client.development.js:874:13
 ❯ performUnitOfWork node_modules/react-dom/cjs/react-dom-client.development.js:17641:22
 ❯ workLoopSync node_modules/react-dom/cjs/react-dom-client.development.js:17469:41

⎯⎯⎯⎯⎯⎯⎯⎯⎯⎯⎯⎯⎯⎯⎯⎯⎯⎯⎯⎯⎯⎯⎯⎯[2/5]⎯


 Test Files  2 failed | 9 passed (11)
      Tests  5 failed | 44 passed (49)
   Start at  23:24:36
   Duration  3.08s (transform 1.39s, setup 1.39s, import 3.64s, tests 844ms, environment 13.18s)

